###########################################################
####               ICTC Regression Report              ####
###########################################################
Total testcase run: 90
Passed            : 90
Failed            : 0
Unknown           : 0
Used time         : 7m 55s
-----------------------------------------------------------
Run log detail:
log/fd_115200_test_652333.log: => Passed
log/fd_19200_test_184070.log: => Passed
log/fd_1stop_test_624952.log: => Passed
log/fd_2stop_test_642393.log: => Passed
log/fd_4800_test_476388.log: => Passed
log/fd_57600_test_377192.log: => Passed
log/fd_5bit_even_test_860342.log: => Passed
log/fd_5bit_odd_test_141594.log: => Passed
log/fd_5bit_test_473522.log: => Passed
log/fd_6bit_even_test_892127.log: => Passed
log/fd_6bit_odd_test_413878.log: => Passed
log/fd_6bit_test_600112.log: => Passed
log/fd_7bit_even_test_149270.log: => Passed
log/fd_7bit_odd_test_982939.log: => Passed
log/fd_7bit_test_131797.log: => Passed
log/fd_8bit_even_data_error_test_749654.log: => Passed
log/fd_8bit_even_error_test_471082.log: => Passed
log/fd_8bit_even_test_208044.log: => Passed
log/fd_8bit_odd_data_error_test_627622.log: => Passed
log/fd_8bit_odd_error_test_400363.log: => Passed
log/fd_8bit_odd_test_383865.log: => Passed
log/fd_8bit_test_393780.log: => Passed
log/fd_9600_test_869823.log: => Passed
log/fd_9bit_data_error_test_972361.log: => Passed
log/fd_9bit_test_285710.log: => Passed
log/fd_diff_baud_test_434438.log: => Passed
log/fd_diff_parity_test_716748.log: => Passed
log/fd_diff_stop_test_328402.log: => Passed
log/fd_start_error_test_197610.log: => Passed
log/fd_stop_error_test_848339.log: => Passed
log/lhs2rhs_115200_test_643588.log: => Passed
log/lhs2rhs_19200_test_813729.log: => Passed
log/lhs2rhs_1stop_test_651297.log: => Passed
log/lhs2rhs_2stop_test_591512.log: => Passed
log/lhs2rhs_4800_test_410952.log: => Passed
log/lhs2rhs_57600_test_555650.log: => Passed
log/lhs2rhs_5bit_even_test_310407.log: => Passed
log/lhs2rhs_5bit_odd_test_975531.log: => Passed
log/lhs2rhs_5bit_test_301829.log: => Passed
log/lhs2rhs_6bit_even_test_335013.log: => Passed
log/lhs2rhs_6bit_odd_test_661729.log: => Passed
log/lhs2rhs_6bit_test_299925.log: => Passed
log/lhs2rhs_7bit_even_test_298939.log: => Passed
log/lhs2rhs_7bit_odd_test_884040.log: => Passed
log/lhs2rhs_7bit_test_255357.log: => Passed
log/lhs2rhs_8bit_even_data_error_test_355967.log: => Passed
log/lhs2rhs_8bit_even_error_test_736291.log: => Passed
log/lhs2rhs_8bit_even_test_154466.log: => Passed
log/lhs2rhs_8bit_odd_data_error_test_735417.log: => Passed
log/lhs2rhs_8bit_odd_error_test_651833.log: => Passed
log/lhs2rhs_8bit_odd_test_923136.log: => Passed
log/lhs2rhs_8bit_test_240642.log: => Passed
log/lhs2rhs_9600_test_797599.log: => Passed
log/lhs2rhs_9bit_data_error_test_426615.log: => Passed
log/lhs2rhs_9bit_test_350713.log: => Passed
log/lhs2rhs_diff_baud_test_401816.log: => Passed
log/lhs2rhs_diff_parity_test_501598.log: => Passed
log/lhs2rhs_diff_stop_test_283852.log: => Passed
log/lhs2rhs_start_error_test_265947.log: => Passed
log/lhs2rhs_stop_error_test_410551.log: => Passed
log/rhs2lhs_115200_test_753257.log: => Passed
log/rhs2lhs_19200_test_233012.log: => Passed
log/rhs2lhs_1stop_test_598481.log: => Passed
log/rhs2lhs_2stop_test_697141.log: => Passed
log/rhs2lhs_4800_test_270175.log: => Passed
log/rhs2lhs_57600_test_970709.log: => Passed
log/rhs2lhs_5bit_even_test_542653.log: => Passed
log/rhs2lhs_5bit_odd_test_211819.log: => Passed
log/rhs2lhs_5bit_test_908854.log: => Passed
log/rhs2lhs_6bit_even_test_245484.log: => Passed
log/rhs2lhs_6bit_odd_test_902281.log: => Passed
log/rhs2lhs_6bit_test_802793.log: => Passed
log/rhs2lhs_7bit_even_test_525135.log: => Passed
log/rhs2lhs_7bit_odd_test_394919.log: => Passed
log/rhs2lhs_7bit_test_953727.log: => Passed
log/rhs2lhs_8bit_even_data_error_test_930953.log: => Passed
log/rhs2lhs_8bit_even_error_test_703168.log: => Passed
log/rhs2lhs_8bit_even_test_543641.log: => Passed
log/rhs2lhs_8bit_odd_data_error_test_769486.log: => Passed
log/rhs2lhs_8bit_odd_error_test_648070.log: => Passed
log/rhs2lhs_8bit_odd_test_270839.log: => Passed
log/rhs2lhs_8bit_test_200738.log: => Passed
log/rhs2lhs_9600_test_416314.log: => Passed
log/rhs2lhs_9bit_data_error_test_367028.log: => Passed
log/rhs2lhs_9bit_test_256188.log: => Passed
log/rhs2lhs_diff_baud_test_428717.log: => Passed
log/rhs2lhs_diff_parity_test_374019.log: => Passed
log/rhs2lhs_diff_stop_test_426359.log: => Passed
log/rhs2lhs_start_error_test_996628.log: => Passed
log/rhs2lhs_stop_error_test_805246.log: => Passed
-----------------------------------------------------------
